2025-12-14 15:12:40:1240 [31merror[39m: [31muncaughtException: Cannot find module 'joi'[39m
[31mRequire stack:[39m
[31m- D:\project\mobile_apps\backends\JobConnect\Backend\src\middleware\validation.middleware.js[39m
[31m- D:\project\mobile_apps\backends\JobConnect\Backend\src\routes\user.routes.js[39m
[31m- D:\project\mobile_apps\backends\JobConnect\Backend\src\server.js[39m
[31mError: Cannot find module 'joi'[39m
[31mRequire stack:[39m
[31m- D:\project\mobile_apps\backends\JobConnect\Backend\src\middleware\validation.middleware.js[39m
[31m- D:\project\mobile_apps\backends\JobConnect\Backend\src\routes\user.routes.js[39m
[31m- D:\project\mobile_apps\backends\JobConnect\Backend\src\server.js[39m
[31m    at Function._resolveFilename (node:internal/modules/cjs/loader:1405:15)[39m
[31m    at defaultResolveImpl (node:internal/modules/cjs/loader:1061:19)[39m
[31m    at resolveForCJSWithHooks (node:internal/modules/cjs/loader:1066:22)[39m
[31m    at Function._load (node:internal/modules/cjs/loader:1215:37)[39m
[31m    at TracingChannel.traceSync (node:diagnostics_channel:322:14)[39m
[31m    at wrapModuleLoad (node:internal/modules/cjs/loader:235:24)[39m
[31m    at Module.require (node:internal/modules/cjs/loader:1491:12)[39m
[31m    at require (node:internal/modules/helpers:135:16)[39m
[31m    at Object.<anonymous> (D:\project\mobile_apps\backends\JobConnect\Backend\src\middleware\validation.middleware.js:1:13)[39m
[31m    at Module._compile (node:internal/modules/cjs/loader:1734:14)[39m
2025-12-14 15:16:54:1654 [31merror[39m: [31muncaughtException: Cannot find module 'joi'[39m
[31mRequire stack:[39m
[31m- D:\project\mobile_apps\backends\JobConnect\Backend\src\middleware\validation.middleware.js[39m
[31m- D:\project\mobile_apps\backends\JobConnect\Backend\src\routes\user.routes.js[39m
[31m- D:\project\mobile_apps\backends\JobConnect\Backend\src\server.js[39m
[31mError: Cannot find module 'joi'[39m
[31mRequire stack:[39m
[31m- D:\project\mobile_apps\backends\JobConnect\Backend\src\middleware\validation.middleware.js[39m
[31m- D:\project\mobile_apps\backends\JobConnect\Backend\src\routes\user.routes.js[39m
[31m- D:\project\mobile_apps\backends\JobConnect\Backend\src\server.js[39m
[31m    at Function._resolveFilename (node:internal/modules/cjs/loader:1405:15)[39m
[31m    at defaultResolveImpl (node:internal/modules/cjs/loader:1061:19)[39m
[31m    at resolveForCJSWithHooks (node:internal/modules/cjs/loader:1066:22)[39m
[31m    at Function._load (node:internal/modules/cjs/loader:1215:37)[39m
[31m    at TracingChannel.traceSync (node:diagnostics_channel:322:14)[39m
[31m    at wrapModuleLoad (node:internal/modules/cjs/loader:235:24)[39m
[31m    at Module.require (node:internal/modules/cjs/loader:1491:12)[39m
[31m    at require (node:internal/modules/helpers:135:16)[39m
[31m    at Object.<anonymous> (D:\project\mobile_apps\backends\JobConnect\Backend\src\middleware\validation.middleware.js:1:13)[39m
[31m    at Module._compile (node:internal/modules/cjs/loader:1734:14)[39m
2025-12-14 15:17:16:1716 [31merror[39m: [31muncaughtException: Cannot find module 'joi'[39m
[31mRequire stack:[39m
[31m- D:\project\mobile_apps\backends\JobConnect\Backend\src\middleware\validation.middleware.js[39m
[31m- D:\project\mobile_apps\backends\JobConnect\Backend\src\routes\user.routes.js[39m
[31m- D:\project\mobile_apps\backends\JobConnect\Backend\src\server.js[39m
[31mError: Cannot find module 'joi'[39m
[31mRequire stack:[39m
[31m- D:\project\mobile_apps\backends\JobConnect\Backend\src\middleware\validation.middleware.js[39m
[31m- D:\project\mobile_apps\backends\JobConnect\Backend\src\routes\user.routes.js[39m
[31m- D:\project\mobile_apps\backends\JobConnect\Backend\src\server.js[39m
[31m    at Function._resolveFilename (node:internal/modules/cjs/loader:1405:15)[39m
[31m    at defaultResolveImpl (node:internal/modules/cjs/loader:1061:19)[39m
[31m    at resolveForCJSWithHooks (node:internal/modules/cjs/loader:1066:22)[39m
[31m    at Function._load (node:internal/modules/cjs/loader:1215:37)[39m
[31m    at TracingChannel.traceSync (node:diagnostics_channel:322:14)[39m
[31m    at wrapModuleLoad (node:internal/modules/cjs/loader:235:24)[39m
[31m    at Module.require (node:internal/modules/cjs/loader:1491:12)[39m
[31m    at require (node:internal/modules/helpers:135:16)[39m
[31m    at Object.<anonymous> (D:\project\mobile_apps\backends\JobConnect\Backend\src\middleware\validation.middleware.js:1:13)[39m
[31m    at Module._compile (node:internal/modules/cjs/loader:1734:14)[39m
2025-12-14 19:20:33:2033 [31merror[39m: [31muncaughtException: Cannot find module 'joi'[39m
[31mRequire stack:[39m
[31m- D:\project\mobile_apps\backends\JobConnect\Backend\src\middleware\validation.middleware.js[39m
[31m- D:\project\mobile_apps\backends\JobConnect\Backend\src\routes\user.routes.js[39m
[31m- D:\project\mobile_apps\backends\JobConnect\Backend\src\server.js[39m
[31mError: Cannot find module 'joi'[39m
[31mRequire stack:[39m
[31m- D:\project\mobile_apps\backends\JobConnect\Backend\src\middleware\validation.middleware.js[39m
[31m- D:\project\mobile_apps\backends\JobConnect\Backend\src\routes\user.routes.js[39m
[31m- D:\project\mobile_apps\backends\JobConnect\Backend\src\server.js[39m
[31m    at Function._resolveFilename (node:internal/modules/cjs/loader:1405:15)[39m
[31m    at defaultResolveImpl (node:internal/modules/cjs/loader:1061:19)[39m
[31m    at resolveForCJSWithHooks (node:internal/modules/cjs/loader:1066:22)[39m
[31m    at Function._load (node:internal/modules/cjs/loader:1215:37)[39m
[31m    at TracingChannel.traceSync (node:diagnostics_channel:322:14)[39m
[31m    at wrapModuleLoad (node:internal/modules/cjs/loader:235:24)[39m
[31m    at Module.require (node:internal/modules/cjs/loader:1491:12)[39m
[31m    at require (node:internal/modules/helpers:135:16)[39m
[31m    at Object.<anonymous> (D:\project\mobile_apps\backends\JobConnect\Backend\src\middleware\validation.middleware.js:1:13)[39m
[31m    at Module._compile (node:internal/modules/cjs/loader:1734:14)[39m
