2025-12-14 19:24:34:2434 [31merror[39m: [31muncaughtException: Cannot find module 'joi'[39m
[31mRequire stack:[39m
[31m- D:\project\mobile_apps\backends\JobConnect\Backend\src\middleware\validation.middleware.js[39m
[31m- D:\project\mobile_apps\backends\JobConnect\Backend\src\routes\user.routes.js[39m
[31m- D:\project\mobile_apps\backends\JobConnect\Backend\src\server.js[39m
[31mError: Cannot find module 'joi'[39m
[31mRequire stack:[39m
[31m- D:\project\mobile_apps\backends\JobConnect\Backend\src\middleware\validation.middleware.js[39m
[31m- D:\project\mobile_apps\backends\JobConnect\Backend\src\routes\user.routes.js[39m
[31m- D:\project\mobile_apps\backends\JobConnect\Backend\src\server.js[39m
[31m    at Function._resolveFilename (node:internal/modules/cjs/loader:1405:15)[39m
[31m    at defaultResolveImpl (node:internal/modules/cjs/loader:1061:19)[39m
[31m    at resolveForCJSWithHooks (node:internal/modules/cjs/loader:1066:22)[39m
[31m    at Function._load (node:internal/modules/cjs/loader:1215:37)[39m
[31m    at TracingChannel.traceSync (node:diagnostics_channel:322:14)[39m
[31m    at wrapModuleLoad (node:internal/modules/cjs/loader:235:24)[39m
[31m    at Module.require (node:internal/modules/cjs/loader:1491:12)[39m
[31m    at require (node:internal/modules/helpers:135:16)[39m
[31m    at Object.<anonymous> (D:\project\mobile_apps\backends\JobConnect\Backend\src\middleware\validation.middleware.js:1:13)[39m
[31m    at Module._compile (node:internal/modules/cjs/loader:1734:14)[39m
2025-12-14 19:24:46:2446 [31merror[39m: [31muncaughtException: Cannot find module 'joi'[39m
[31mRequire stack:[39m
[31m- D:\project\mobile_apps\backends\JobConnect\Backend\src\middleware\validation.middleware.js[39m
[31m- D:\project\mobile_apps\backends\JobConnect\Backend\src\routes\user.routes.js[39m
[31m- D:\project\mobile_apps\backends\JobConnect\Backend\src\server.js[39m
[31mError: Cannot find module 'joi'[39m
[31mRequire stack:[39m
[31m- D:\project\mobile_apps\backends\JobConnect\Backend\src\middleware\validation.middleware.js[39m
[31m- D:\project\mobile_apps\backends\JobConnect\Backend\src\routes\user.routes.js[39m
[31m- D:\project\mobile_apps\backends\JobConnect\Backend\src\server.js[39m
[31m    at Function._resolveFilename (node:internal/modules/cjs/loader:1405:15)[39m
[31m    at defaultResolveImpl (node:internal/modules/cjs/loader:1061:19)[39m
[31m    at resolveForCJSWithHooks (node:internal/modules/cjs/loader:1066:22)[39m
[31m    at Function._load (node:internal/modules/cjs/loader:1215:37)[39m
[31m    at TracingChannel.traceSync (node:diagnostics_channel:322:14)[39m
[31m    at wrapModuleLoad (node:internal/modules/cjs/loader:235:24)[39m
[31m    at Module.require (node:internal/modules/cjs/loader:1491:12)[39m
[31m    at require (node:internal/modules/helpers:135:16)[39m
[31m    at Object.<anonymous> (D:\project\mobile_apps\backends\JobConnect\Backend\src\middleware\validation.middleware.js:1:13)[39m
[31m    at Module._compile (node:internal/modules/cjs/loader:1734:14)[39m
2025-12-14 19:24:55:2455 [31merror[39m: [31muncaughtException: Cannot find module 'joi'[39m
[31mRequire stack:[39m
[31m- D:\project\mobile_apps\backends\JobConnect\Backend\src\middleware\validation.middleware.js[39m
[31m- D:\project\mobile_apps\backends\JobConnect\Backend\src\routes\user.routes.js[39m
[31m- D:\project\mobile_apps\backends\JobConnect\Backend\src\server.js[39m
[31mError: Cannot find module 'joi'[39m
[31mRequire stack:[39m
[31m- D:\project\mobile_apps\backends\JobConnect\Backend\src\middleware\validation.middleware.js[39m
[31m- D:\project\mobile_apps\backends\JobConnect\Backend\src\routes\user.routes.js[39m
[31m- D:\project\mobile_apps\backends\JobConnect\Backend\src\server.js[39m
[31m    at Function._resolveFilename (node:internal/modules/cjs/loader:1405:15)[39m
[31m    at defaultResolveImpl (node:internal/modules/cjs/loader:1061:19)[39m
[31m    at resolveForCJSWithHooks (node:internal/modules/cjs/loader:1066:22)[39m
[31m    at Function._load (node:internal/modules/cjs/loader:1215:37)[39m
[31m    at TracingChannel.traceSync (node:diagnostics_channel:322:14)[39m
[31m    at wrapModuleLoad (node:internal/modules/cjs/loader:235:24)[39m
[31m    at Module.require (node:internal/modules/cjs/loader:1491:12)[39m
[31m    at require (node:internal/modules/helpers:135:16)[39m
[31m    at Object.<anonymous> (D:\project\mobile_apps\backends\JobConnect\Backend\src\middleware\validation.middleware.js:1:13)[39m
[31m    at Module._compile (node:internal/modules/cjs/loader:1734:14)[39m
2025-12-14 19:27:25:2725 [31merror[39m: [31muncaughtException: Cannot find module 'joi'[39m
[31mRequire stack:[39m
[31m- D:\project\mobile_apps\backends\JobConnect\Backend\src\middleware\validation.middleware.js[39m
[31m- D:\project\mobile_apps\backends\JobConnect\Backend\src\routes\user.routes.js[39m
[31m- D:\project\mobile_apps\backends\JobConnect\Backend\src\server.js[39m
[31mError: Cannot find module 'joi'[39m
[31mRequire stack:[39m
[31m- D:\project\mobile_apps\backends\JobConnect\Backend\src\middleware\validation.middleware.js[39m
[31m- D:\project\mobile_apps\backends\JobConnect\Backend\src\routes\user.routes.js[39m
[31m- D:\project\mobile_apps\backends\JobConnect\Backend\src\server.js[39m
[31m    at Function._resolveFilename (node:internal/modules/cjs/loader:1405:15)[39m
[31m    at defaultResolveImpl (node:internal/modules/cjs/loader:1061:19)[39m
[31m    at resolveForCJSWithHooks (node:internal/modules/cjs/loader:1066:22)[39m
[31m    at Function._load (node:internal/modules/cjs/loader:1215:37)[39m
[31m    at TracingChannel.traceSync (node:diagnostics_channel:322:14)[39m
[31m    at wrapModuleLoad (node:internal/modules/cjs/loader:235:24)[39m
[31m    at Module.require (node:internal/modules/cjs/loader:1491:12)[39m
[31m    at require (node:internal/modules/helpers:135:16)[39m
[31m    at Object.<anonymous> (D:\project\mobile_apps\backends\JobConnect\Backend\src\middleware\validation.middleware.js:1:13)[39m
[31m    at Module._compile (node:internal/modules/cjs/loader:1734:14)[39m
2025-12-14 19:31:19:3119 [31merror[39m: [31muncaughtException: Cannot find module 'joi'[39m
[31mRequire stack:[39m
[31m- D:\project\mobile_apps\backends\JobConnect\Backend\src\middleware\validation.middleware.js[39m
[31m- D:\project\mobile_apps\backends\JobConnect\Backend\src\routes\user.routes.js[39m
[31m- D:\project\mobile_apps\backends\JobConnect\Backend\src\server.js[39m
[31mError: Cannot find module 'joi'[39m
[31mRequire stack:[39m
[31m- D:\project\mobile_apps\backends\JobConnect\Backend\src\middleware\validation.middleware.js[39m
[31m- D:\project\mobile_apps\backends\JobConnect\Backend\src\routes\user.routes.js[39m
[31m- D:\project\mobile_apps\backends\JobConnect\Backend\src\server.js[39m
[31m    at Function._resolveFilename (node:internal/modules/cjs/loader:1405:15)[39m
[31m    at defaultResolveImpl (node:internal/modules/cjs/loader:1061:19)[39m
[31m    at resolveForCJSWithHooks (node:internal/modules/cjs/loader:1066:22)[39m
[31m    at Function._load (node:internal/modules/cjs/loader:1215:37)[39m
[31m    at TracingChannel.traceSync (node:diagnostics_channel:322:14)[39m
[31m    at wrapModuleLoad (node:internal/modules/cjs/loader:235:24)[39m
[31m    at Module.require (node:internal/modules/cjs/loader:1491:12)[39m
[31m    at require (node:internal/modules/helpers:135:16)[39m
[31m    at Object.<anonymous> (D:\project\mobile_apps\backends\JobConnect\Backend\src\middleware\validation.middleware.js:1:13)[39m
[31m    at Module._compile (node:internal/modules/cjs/loader:1734:14)[39m
2025-12-14 19:31:29:3129 [31merror[39m: [31muncaughtException: Cannot find module 'joi'[39m
[31mRequire stack:[39m
[31m- D:\project\mobile_apps\backends\JobConnect\Backend\src\middleware\validation.middleware.js[39m
[31m- D:\project\mobile_apps\backends\JobConnect\Backend\src\routes\user.routes.js[39m
[31m- D:\project\mobile_apps\backends\JobConnect\Backend\src\server.js[39m
[31mError: Cannot find module 'joi'[39m
[31mRequire stack:[39m
[31m- D:\project\mobile_apps\backends\JobConnect\Backend\src\middleware\validation.middleware.js[39m
[31m- D:\project\mobile_apps\backends\JobConnect\Backend\src\routes\user.routes.js[39m
[31m- D:\project\mobile_apps\backends\JobConnect\Backend\src\server.js[39m
[31m    at Function._resolveFilename (node:internal/modules/cjs/loader:1405:15)[39m
[31m    at defaultResolveImpl (node:internal/modules/cjs/loader:1061:19)[39m
[31m    at resolveForCJSWithHooks (node:internal/modules/cjs/loader:1066:22)[39m
[31m    at Function._load (node:internal/modules/cjs/loader:1215:37)[39m
[31m    at TracingChannel.traceSync (node:diagnostics_channel:322:14)[39m
[31m    at wrapModuleLoad (node:internal/modules/cjs/loader:235:24)[39m
[31m    at Module.require (node:internal/modules/cjs/loader:1491:12)[39m
[31m    at require (node:internal/modules/helpers:135:16)[39m
[31m    at Object.<anonymous> (D:\project\mobile_apps\backends\JobConnect\Backend\src\middleware\validation.middleware.js:1:13)[39m
[31m    at Module._compile (node:internal/modules/cjs/loader:1734:14)[39m
2025-12-14 19:36:12:3612 [31merror[39m: [31muncaughtException: Cannot find module 'joi'[39m
[31mRequire stack:[39m
[31m- D:\project\mobile_apps\backends\JobConnect\Backend\src\middleware\validation.middleware.js[39m
[31m- D:\project\mobile_apps\backends\JobConnect\Backend\src\routes\user.routes.js[39m
[31m- D:\project\mobile_apps\backends\JobConnect\Backend\src\server.js[39m
[31mError: Cannot find module 'joi'[39m
[31mRequire stack:[39m
[31m- D:\project\mobile_apps\backends\JobConnect\Backend\src\middleware\validation.middleware.js[39m
[31m- D:\project\mobile_apps\backends\JobConnect\Backend\src\routes\user.routes.js[39m
[31m- D:\project\mobile_apps\backends\JobConnect\Backend\src\server.js[39m
[31m    at Function._resolveFilename (node:internal/modules/cjs/loader:1405:15)[39m
[31m    at defaultResolveImpl (node:internal/modules/cjs/loader:1061:19)[39m
[31m    at resolveForCJSWithHooks (node:internal/modules/cjs/loader:1066:22)[39m
[31m    at Function._load (node:internal/modules/cjs/loader:1215:37)[39m
[31m    at TracingChannel.traceSync (node:diagnostics_channel:322:14)[39m
[31m    at wrapModuleLoad (node:internal/modules/cjs/loader:235:24)[39m
[31m    at Module.require (node:internal/modules/cjs/loader:1491:12)[39m
[31m    at require (node:internal/modules/helpers:135:16)[39m
[31m    at Object.<anonymous> (D:\project\mobile_apps\backends\JobConnect\Backend\src\middleware\validation.middleware.js:1:13)[39m
[31m    at Module._compile (node:internal/modules/cjs/loader:1734:14)[39m
2025-12-14 19:38:19:3819 [31merror[39m: [31muncaughtException: Cannot find module 'joi'[39m
[31mRequire stack:[39m
[31m- D:\project\mobile_apps\backends\JobConnect\Backend\src\middleware\validation.middleware.js[39m
[31m- D:\project\mobile_apps\backends\JobConnect\Backend\src\routes\user.routes.js[39m
[31m- D:\project\mobile_apps\backends\JobConnect\Backend\src\server.js[39m
[31mError: Cannot find module 'joi'[39m
[31mRequire stack:[39m
[31m- D:\project\mobile_apps\backends\JobConnect\Backend\src\middleware\validation.middleware.js[39m
[31m- D:\project\mobile_apps\backends\JobConnect\Backend\src\routes\user.routes.js[39m
[31m- D:\project\mobile_apps\backends\JobConnect\Backend\src\server.js[39m
[31m    at Function._resolveFilename (node:internal/modules/cjs/loader:1405:15)[39m
[31m    at defaultResolveImpl (node:internal/modules/cjs/loader:1061:19)[39m
[31m    at resolveForCJSWithHooks (node:internal/modules/cjs/loader:1066:22)[39m
[31m    at Function._load (node:internal/modules/cjs/loader:1215:37)[39m
[31m    at TracingChannel.traceSync (node:diagnostics_channel:322:14)[39m
[31m    at wrapModuleLoad (node:internal/modules/cjs/loader:235:24)[39m
[31m    at Module.require (node:internal/modules/cjs/loader:1491:12)[39m
[31m    at require (node:internal/modules/helpers:135:16)[39m
[31m    at Object.<anonymous> (D:\project\mobile_apps\backends\JobConnect\Backend\src\middleware\validation.middleware.js:1:13)[39m
[31m    at Module._compile (node:internal/modules/cjs/loader:1734:14)[39m
2025-12-14 19:50:52:5052 [31merror[39m: [31muncaughtException: Cannot find module 'joi'[39m
[31mRequire stack:[39m
[31m- D:\project\mobile_apps\backends\JobConnect\Backend\src\middleware\validation.middleware.js[39m
[31m- D:\project\mobile_apps\backends\JobConnect\Backend\src\routes\user.routes.js[39m
[31m- D:\project\mobile_apps\backends\JobConnect\Backend\src\server.js[39m
[31mError: Cannot find module 'joi'[39m
[31mRequire stack:[39m
[31m- D:\project\mobile_apps\backends\JobConnect\Backend\src\middleware\validation.middleware.js[39m
[31m- D:\project\mobile_apps\backends\JobConnect\Backend\src\routes\user.routes.js[39m
[31m- D:\project\mobile_apps\backends\JobConnect\Backend\src\server.js[39m
[31m    at Function._resolveFilename (node:internal/modules/cjs/loader:1405:15)[39m
[31m    at defaultResolveImpl (node:internal/modules/cjs/loader:1061:19)[39m
[31m    at resolveForCJSWithHooks (node:internal/modules/cjs/loader:1066:22)[39m
[31m    at Function._load (node:internal/modules/cjs/loader:1215:37)[39m
[31m    at TracingChannel.traceSync (node:diagnostics_channel:322:14)[39m
[31m    at wrapModuleLoad (node:internal/modules/cjs/loader:235:24)[39m
[31m    at Module.require (node:internal/modules/cjs/loader:1491:12)[39m
[31m    at require (node:internal/modules/helpers:135:16)[39m
[31m    at Object.<anonymous> (D:\project\mobile_apps\backends\JobConnect\Backend\src\middleware\validation.middleware.js:1:13)[39m
[31m    at Module._compile (node:internal/modules/cjs/loader:1734:14)[39m
2025-12-14 19:58:09:589 [31merror[39m: [31muncaughtException: Cannot find module 'joi'[39m
[31mRequire stack:[39m
[31m- D:\project\mobile_apps\backends\JobConnect\Backend\src\middleware\validation.middleware.js[39m
[31m- D:\project\mobile_apps\backends\JobConnect\Backend\src\routes\user.routes.js[39m
[31m- D:\project\mobile_apps\backends\JobConnect\Backend\src\server.js[39m
[31mError: Cannot find module 'joi'[39m
[31mRequire stack:[39m
[31m- D:\project\mobile_apps\backends\JobConnect\Backend\src\middleware\validation.middleware.js[39m
[31m- D:\project\mobile_apps\backends\JobConnect\Backend\src\routes\user.routes.js[39m
[31m- D:\project\mobile_apps\backends\JobConnect\Backend\src\server.js[39m
[31m    at Function._resolveFilename (node:internal/modules/cjs/loader:1405:15)[39m
[31m    at defaultResolveImpl (node:internal/modules/cjs/loader:1061:19)[39m
[31m    at resolveForCJSWithHooks (node:internal/modules/cjs/loader:1066:22)[39m
[31m    at Function._load (node:internal/modules/cjs/loader:1215:37)[39m
[31m    at TracingChannel.traceSync (node:diagnostics_channel:322:14)[39m
[31m    at wrapModuleLoad (node:internal/modules/cjs/loader:235:24)[39m
[31m    at Module.require (node:internal/modules/cjs/loader:1491:12)[39m
[31m    at require (node:internal/modules/helpers:135:16)[39m
[31m    at Object.<anonymous> (D:\project\mobile_apps\backends\JobConnect\Backend\src\middleware\validation.middleware.js:1:13)[39m
[31m    at Module._compile (node:internal/modules/cjs/loader:1734:14)[39m
2025-12-14 20:17:55:1755 [31merror[39m: [31muncaughtException: Router.use() requires a middleware function but got a undefined[39m
[31mTypeError: Router.use() requires a middleware function but got a undefined[39m
[31m    at Function.use (D:\project\mobile_apps\backends\JobConnect\Backend\node_modules\express\lib\router\index.js:458:13)[39m
[31m    at Function.<anonymous> (D:\project\mobile_apps\backends\JobConnect\Backend\node_modules\express\lib\application.js:220:21)[39m
[31m    at Array.forEach (<anonymous>)[39m
[31m    at Function.use (D:\project\mobile_apps\backends\JobConnect\Backend\node_modules\express\lib\application.js:217:7)[39m
[31m    at Object.<anonymous> (D:\project\mobile_apps\backends\JobConnect\Backend\src\server.js:155:5)[39m
[31m    at Module._compile (node:internal/modules/cjs/loader:1734:14)[39m
[31m    at Object..js (node:internal/modules/cjs/loader:1899:10)[39m
[31m    at Module.load (node:internal/modules/cjs/loader:1469:32)[39m
[31m    at Function._load (node:internal/modules/cjs/loader:1286:12)[39m
[31m    at TracingChannel.traceSync (node:diagnostics_channel:322:14)[39m
